PASS: one Align row and no Arrange menu
PASS: single left
PASS: undo restores exact artwork
PASS: single center
PASS: undo restores exact artwork
PASS: single right
PASS: undo restores exact artwork
PASS: single top
PASS: undo restores exact artwork
PASS: single middle
PASS: undo restores exact artwork
PASS: single bottom
PASS: undo restores exact artwork
PASS: multiple align to selection
PASS: each object to its artboard
PASS: undo restores exact artwork
PASS: horizontal distribution
PASS: vertical distribution
PASS: group is one alignment unit
PASS: remember positions
PASS: selection moved together
PASS: undo restores exact artwork
PASS: selected layer enabled
PASS: remember positions
PASS: selection moved together
PASS: undo restores exact artwork
PASS: save reopen
